// Jest Snapshot v1, https://goo.gl/fbAQLP

exports[`checks dev errors 1`] = `"[Nanoutils] adjust(fn, *, *) accepts a function, Number given"`;

exports[`checks dev errors 2`] = `"[Nanoutils] adjust(*, i, *) accepts string and number, Boolean given"`;

exports[`checks dev errors 3`] = `"[Nanoutils] adjust(*, *, arr) accepts an array, Number given"`;
